
> react-typescript-starter@0.1.0 test
> react-scripts test

Browserslist: caniuse-lite is outdated. Please run:
  npx browserslist@latest --update-db
  Why you should do it regularly: https://github.com/browserslist/browserslist#browsers-data-updating
PASS src/nested.test.ts
FAIL src/arrays.test.ts
  ● Testing the array functions › Testing the injectPositive function

    expect(received).toEqual(expected) // deep equality

    - Expected  - 5
    + Received  + 4

      Array [
        100,
    -   199,
    -   1,
    -   -5,
    +   299,
        300,
    -   7,
    -   3,
    +   300,
    +   307,
    +   310,
      ]

      267 |         expect(injectPositive(NUMBERS_3)).toEqual([5, 5]);
      268 |         expect(injectPositive(NUMBERS_4)).toEqual([0]);
    > 269 |         expect(injectPositive(NUMBERS_5)).toEqual([100, 199, 1, -5, 300, 7, 3]);
          |                                           ^
      270 |         expect(injectPositive(NUMBERS_6)).toEqual([-100, 0, -200, 100, 200]);
      271 |         expect(injectPositive(NUMBERS_7)).toEqual([199, 1, 550, 50, 200, 1000]);
      272 |     });

      at Object.<anonymous> (src/arrays.test.ts:269:43)

PASS src/objects.test.ts
PASS src/components/StartAttempt.test.tsx
PASS src/components/TwoDice.test.tsx
PASS src/bad-components/ChooseTeam.test.tsx
PASS src/bad-components/DoubleHalf.test.tsx
PASS src/functions.test.ts
PASS src/components/ChangeType.test.tsx
PASS src/components/CycleHoliday.test.tsx
PASS src/components/Counter.test.tsx
PASS src/components/RevealAnswer.test.tsx
PASS src/bad-components/ColoredBox.test.tsx
PASS src/bad-components/ShoveBox.test.tsx
PASS src/App.test.tsx
----------------------|---------|----------|---------|---------|-------------------
File                  | % Stmts | % Branch | % Funcs | % Lines | Uncovered Line #s 
----------------------|---------|----------|---------|---------|-------------------
All files             |   99.14 |    98.16 |     100 |   99.11 |                   
 src                  |    99.4 |    98.76 |     100 |   99.37 |                   
  App.tsx             |     100 |      100 |     100 |     100 |                   
  arrays.ts           |     100 |      100 |     100 |     100 |                   
  functions.ts        |     100 |      100 |     100 |     100 |                   
  nested.ts           |     100 |      100 |     100 |     100 |                   
  objects.ts          |   96.42 |    92.85 |     100 |   96.42 | 123               
 src/bad-components   |   96.42 |    83.33 |     100 |   96.29 |                   
  ChooseTeam.tsx      |     100 |       50 |     100 |     100 | 24                
  ColoredBox.tsx      |     100 |      100 |     100 |     100 |                   
  DoubleHalf.tsx      |     100 |      100 |     100 |     100 |                   
  DoubleHalfState.tsx |       0 |      100 |     100 |       0 | 3                 
  ShoveBox.tsx        |     100 |      100 |     100 |     100 |                   
 src/components       |     100 |      100 |     100 |     100 |                   
  ChangeType.tsx      |     100 |      100 |     100 |     100 |                   
  Counter.tsx         |     100 |      100 |     100 |     100 |                   
  CycleHoliday.tsx    |     100 |      100 |     100 |     100 |                   
  RevealAnswer.tsx    |     100 |      100 |     100 |     100 |                   
  StartAttempt.tsx    |     100 |      100 |     100 |     100 |                   
  TwoDice.tsx         |     100 |      100 |     100 |     100 |                   
 src/interfaces       |       0 |        0 |       0 |       0 |                   
  answer.ts           |       0 |        0 |       0 |       0 |                   
  question.ts         |       0 |        0 |       0 |       0 |                   
----------------------|---------|----------|---------|---------|-------------------

Test Suites: 1 failed, 14 passed, 15 total
Tests:       1 failed, 109 passed, 110 total
Snapshots:   0 total
Time:        9.074 s
Ran all test suites.
